rsaptar2@remote00:~/i240b/work/lab1/exercises/1-monolithic$ !!c
clearc
-bash: clearc: command not found
rsaptar2@remote00:~/i240b/work/lab1/exercises/1-monolithic$ nano fns-compare.cc
rsaptar2@remote00:~/i240b/work/lab1/exercises/1-monolithic$        g++ -g -Wall -std=c++17            fns-compare.cc -o fns-compare
rsaptar2@remote00:~/i240b/work/lab1/exercises/1-monolithic$ ./fns-compare 
1 100000 1000
10 1e+06 100000
100 1e+07 1e+07
1000 1e+08 1e+09
10000 1e+09 1e+11
rsaptar2@remote00:~/i240b/work/lab1/exercises/1-monolithic$ cd ..
rsaptar2@remote00:~/i240b/work/lab1/exercises$ 2-separate-compilation/
-bash: 2-separate-compilation/: Is a directory
rsaptar2@remote00:~/i240b/work/lab1/exercises$ cd !!
cd 2-separate-compilation/
rsaptar2@remote00:~/i240b/work/lab1/exercises/2-separate-compilation$ ls
fns-compare.cc	fns-compare.hh	linear.cc
rsaptar2@remote00:~/i240b/work/lab1/exercises/2-separate-compilation$ cat fns-compare.cc
#include <iostream>
#include <vector>

#include "fns-compare.hh"

std::vector<FnInfo>& fnInfoStore() {
  static std::vector<FnInfo> fnInfos;
  return fnInfos;
}

bool
register_fn(FnInfo fnInfo) {
  fnInfoStore().push_back(fnInfo);
  return true;
}

int
main() {
  FILE *const out = stdout;
  enum { WIDTH = 10 };
  std::vector<FnInfo>& fnInfos = fnInfoStore();
  fprintf(out, "%*s", WIDTH, "n");
  for (auto &fnInfo : fnInfos) { fprintf(out, "%*s", WIDTH, fnInfo.descr); }
  fprintf(out, "\n");
  for (auto n : { 1.0, 10.0, 100.0, 1000.0, 10000.0, 100000.0 }) {
    fprintf(out, "%*g", WIDTH, n);
    for (auto &fnInfo : fnInfos) { fprintf(out, "%*g", WIDTH, fnInfo.fn(n)); }
    fprintf(out, "\n");
  }
}
rsaptar2@remote00:~/i240b/work/lab1/exercises/2-separate-compilation$ g++ -g Wall -std=c++17 -c fns-compare.cc
g++: error: Wall: No such file or directory
rsaptar2@remote00:~/i240b/work/lab1/exercises/2-separate-compilation$ g++ -g -Wall -std=c++17 -c fns-compare.cc
rsaptar2@remote00:~/i240b/work/lab1/exercises/2-separate-compilation$ g++ -g -Wall -std=c++17 -c linear.cc 
rsaptar2@remote00:~/i240b/work/lab1/exercises/2-separate-compilation$ ls
fns-compare.cc	fns-compare.hh	fns-compare.o  linear.cc  linear.o
rsaptar2@remote00:~/i240b/work/lab1/exercises/2-separate-compilation$ g++ fns-compare.o linear.o fns-compare
g++: error: fns-compare: No such file or directory
rsaptar2@remote00:~/i240b/work/lab1/exercises/2-separate-compilation$ g++ fns-compare.o linear.o -o fns-compare
rsaptar2@remote00:~/i240b/work/lab1/exercises/2-separate-compilation$ ./fns-compare 
         n    linear
         1     10000
        10    100000
       100     1e+06
      1000     1e+07
     10000     1e+08
    100000     1e+09
rsaptar2@remote00:~/i240b/work/lab1/exercises/2-separate-compilation$ cat linear.cc
#include "fns-compare.hh"

static double
linear(double n)
{
  enum { C = 10000 };
  return C*n;
}

static const bool isRegistered =
  register_fn(FnInfo("linear", linear));
rsaptar2@remote00:~/i240b/work/lab1/exercises/2-separate-compilation$ nano quadratic.cc
rsaptar2@remote00:~/i240b/work/lab1/exercises/2-separate-compilation$ cd ../1-monolithic/
rsaptar2@remote00:~/i240b/work/lab1/exercises/1-monolithic$ ls
fns-compare  fns-compare.cc
rsaptar2@remote00:~/i240b/work/lab1/exercises/1-monolithic$ cat fns-compare.cc
#include <iostream>

static double
linear(double n)
{
  const double C = 1e5;
  return C*n;
}

static double
quadratic(double n)
{
  const double C = 1e3;
  return C*n*n;
}


int
main() {
  FILE *const out = stdout;
  for (auto n : { 1.0, 10.0, 100.0, 1000.0, 10000.0 }) {
    fprintf(out, "%g %g %g\n", n, linear(n), quadratic(n));
  }
}

rsaptar2@remote00:~/i240b/work/lab1/exercises/1-monolithic$ cd ../2-separate-compilation/
rsaptar2@remote00:~/i240b/work/lab1/exercises/2-separate-compilation$ nano quadratic.cc 
rsaptar2@remote00:~/i240b/work/lab1/exercises/2-separate-compilation$ cat linear.cc
#include "fns-compare.hh"

static double
linear(double n)
{
  enum { C = 10000 };
  return C*n;
}

static const bool isRegistered =
  register_fn(FnInfo("linear", linear));
rsaptar2@remote00:~/i240b/work/lab1/exercises/2-separate-compilation$ g++ -g -Wall -std=c++17 -c quadratic.cc 
quadratic.cc:7:46: error: ‘FnInfor’ was not declared in this scope
 static const bool isRegistered = register_fn(FnInfor("quadratic", quadratic));
                                              ^~~~~~~
quadratic.cc:7:46: note: suggested alternative: ‘FnInfo’
 static const bool isRegistered = register_fn(FnInfor("quadratic", quadratic));
                                              ^~~~~~~
                                              FnInfo
rsaptar2@remote00:~/i240b/work/lab1/exercises/2-separate-compilation$ nano quadratic.cc 
rsaptar2@remote00:~/i240b/work/lab1/exercises/2-separate-compilation$ g++ -g -Wall -std=c++17 -c quadratic.cc 
rsaptar2@remote00:~/i240b/work/lab1/exercises/2-separate-compilation$ g++ fns-compare.o linear.o quadratic.o -o fns-compare
rsaptar2@remote00:~/i240b/work/lab1/exercises/2-separate-compilation$ ./fns-compare 
         n    linear quadratic
         1     10000      1000
        10    100000    100000
       100     1e+06     1e+07
      1000     1e+07     1e+09
     10000     1e+08     1e+11
    100000     1e+09     1e+13
rsaptar2@remote00:~/i240b/work/lab1/exercises/2-separate-compilation$ cd ../3-makefile/
rsaptar2@remote00:~/i240b/work/lab1/exercises/3-makefile$ ls ..
0-hello       2-separate-compilation  4-dependencies
1-monolithic  3-makefile	      5-auto-dependencies
rsaptar2@remote00:~/i240b/work/lab1/exercises/3-makefile$ ls
constant.cc	fact.cc		lg.cc	   nlg.cc
cubic.cc	fns-compare.cc	linear.cc  quadratic.cc
exponential.cc	fns-compare.hh	Makefile
rsaptar2@remote00:~/i240b/work/lab1/exercises/3-makefile$ cat Makefile 
#define C++ compiler and flags
CXX = g++
CXXFLAGS = -g -Wall -std=c++17

#define object files to be produces
OFILES = \
  fns-compare.o \
  constant.o \
  lg.o \
  linear.o \
  nlg.o \
  quadratic.o \
  cubic.o \
  exponential.o \
  fact.o

TARGET = fns-compare

all:		$(TARGET)

$(TARGET):	$(OFILES)
		$(CXX) $(OFILES) -o $@

.phony:		clean
clean:
		rm -f *~ *.o $(TARGET)
rsaptar2@remote00:~/i240b/work/lab1/exercises/3-makefile$ make
g++ -g -Wall -std=c++17   -c -o fns-compare.o fns-compare.cc
g++ -g -Wall -std=c++17   -c -o constant.o constant.cc
g++ -g -Wall -std=c++17   -c -o lg.o lg.cc
g++ -g -Wall -std=c++17   -c -o linear.o linear.cc
g++ -g -Wall -std=c++17   -c -o nlg.o nlg.cc
g++ -g -Wall -std=c++17   -c -o quadratic.o quadratic.cc
g++ -g -Wall -std=c++17   -c -o cubic.o cubic.cc
g++ -g -Wall -std=c++17   -c -o exponential.o exponential.cc
g++ -g -Wall -std=c++17   -c -o fact.o fact.cc
g++ fns-compare.o constant.o lg.o linear.o nlg.o quadratic.o cubic.o exponential.o fact.o -o fns-compare
rsaptar2@remote00:~/i240b/work/lab1/exercises/3-makefile$ ./fns-compare 
    n constant     log2   linear     n lg    quadr    cubic     expn     fact
    1    1e+07        0    1e+05        0    1e+03    1e+02       20        1
   10    1e+07  3.3e+06    1e+06  3.3e+05    1e+05    1e+05    1e+04  3.6e+06
  100    1e+07  6.6e+06    1e+07  6.6e+06    1e+07    1e+08  1.3e+31 9.3e+157
 1000    1e+07    1e+07    1e+08    1e+08    1e+09    1e+11 1.1e+302      inf
10000    1e+07  1.3e+07    1e+09  1.3e+09    1e+11    1e+14      inf      inf
rsaptar2@remote00:~/i240b/work/lab1/exercises/3-makefile$ nano fns-compare.hh 
rsaptar2@remote00:~/i240b/work/lab1/exercises/3-makefile$ mak
-bash: mak: command not found
rsaptar2@remote00:~/i240b/work/lab1/exercises/3-makefile$ !!e
make
make: Nothing to be done for 'all'.
rsaptar2@remote00:~/i240b/work/lab1/exercises/3-makefile$ cd ../4-dependencies/
rsaptar2@remote00:~/i240b/work/lab1/exercises/4-dependencies$ cat Makefile 
CXX = g++
CXXFLAGS = -g -Wall -std=c++17

OFILES = \
  fns-compare.o \
  constant.o \
  lg.o \
  linear.o \
  nlg.o \
  quadratic.o \
  cubic.o \
  exponential.o \
  fact.o

TARGET = fns-compare

all:		$(TARGET)

$(TARGET):	$(OFILES)
 		$(CXX) $(OFILES) -o $@

.phony:		clean
clean:
		rm -f *~ *.o $(TARGET)


#dependencies
fns-compare.o:	fns-compare.cc fns-compare.hh
constant.o:	constant.cc fns-compare.hh
lg.o:		lg.cc fns-compare.hh
linear.o:	linear.cc fns-compare.hh
nlg.o:		nlg.cc fns-compare.hh
quadratic.o:	quadratic.cc fns-compare.hh
cubic.o:	cubic.cc fns-compare.hh
exponential.o:	exponential.cc fns-compare.hh
fact.o:		fact.cc fns-compare.hh
rsaptar2@remote00:~/i240b/work/lab1/exercises/4-dependencies$ nano Makefile 
rsaptar2@remote00:~/i240b/work/lab1/exercises/4-dependencies$ make
g++ -g -Wall -std=c++17   -c -o fns-compare.o fns-compare.cc
g++ -g -Wall -std=c++17   -c -o constant.o constant.cc
g++ -g -Wall -std=c++17   -c -o lg.o lg.cc
g++ -g -Wall -std=c++17   -c -o linear.o linear.cc
g++ -g -Wall -std=c++17   -c -o nlg.o nlg.cc
g++ -g -Wall -std=c++17   -c -o quadratic.o quadratic.cc
g++ -g -Wall -std=c++17   -c -o cubic.o cubic.cc
g++ -g -Wall -std=c++17   -c -o exponential.o exponential.cc
g++ -g -Wall -std=c++17   -c -o fact.o fact.cc
g++ fns-compare.o constant.o lg.o linear.o nlg.o quadratic.o cubic.o exponential.o fact.o -o fns-compare
rsaptar2@remote00:~/i240b/work/lab1/exercises/4-dependencies$ nano Makefile 
rsaptar2@remote00:~/i240b/work/lab1/exercises/4-dependencies$ make
Makefile:20: *** missing separator.  Stop.
rsaptar2@remote00:~/i240b/work/lab1/exercises/4-dependencies$ nano Makefile 
rsaptar2@remote00:~/i240b/work/lab1/exercises/4-dependencies$ make
make: Nothing to be done for 'all'.
rsaptar2@remote00:~/i240b/work/lab1/exercises/4-dependencies$ ./fns-compare 
    n constant     log2   linear     n lg    quadr    cubic     expn     fact
    1    1e+07        0    1e+05        0    1e+03    1e+02       20        1
   10    1e+07  3.3e+06    1e+06  3.3e+05    1e+05    1e+05    1e+04  3.6e+06
  100    1e+07  6.6e+06    1e+07  6.6e+06    1e+07    1e+08  1.3e+31 9.3e+157
 1000    1e+07    1e+07    1e+08    1e+08    1e+09    1e+11 1.1e+302      inf
10000    1e+07  1.3e+07    1e+09  1.3e+09    1e+11    1e+14      inf      inf
rsaptar2@remote00:~/i240b/work/lab1/exercises/4-dependencies$ cd ../5-auto-dependencies/
rsaptar2@remote00:~/i240b/work/lab1/exercises/5-auto-dependencies$ ls
constant.cc	fact.cc		lg.cc	   nlg.cc
cubic.cc	fns-compare.cc	linear.cc  quadratic.cc
exponential.cc	fns-compare.hh	Makefile
rsaptar2@remote00:~/i240b/work/lab1/exercises/5-auto-dependencies$ make'
> ^C
rsaptar2@remote00:~/i240b/work/lab1/exercises/5-auto-dependencies$ make
g++ -MT linear.o -MMD -MP -MF .deps/linear.d -g -Wall -std=c++17 -c linear.cc
g++ -MT nlg.o -MMD -MP -MF .deps/nlg.d -g -Wall -std=c++17 -c nlg.cc
g++ -MT fact.o -MMD -MP -MF .deps/fact.d -g -Wall -std=c++17 -c fact.cc
g++ -MT lg.o -MMD -MP -MF .deps/lg.d -g -Wall -std=c++17 -c lg.cc
g++ -MT cubic.o -MMD -MP -MF .deps/cubic.d -g -Wall -std=c++17 -c cubic.cc
g++ -MT exponential.o -MMD -MP -MF .deps/exponential.d -g -Wall -std=c++17 -c exponential.cc
g++ -MT fns-compare.o -MMD -MP -MF .deps/fns-compare.d -g -Wall -std=c++17 -c fns-compare.cc
g++ -MT constant.o -MMD -MP -MF .deps/constant.d -g -Wall -std=c++17 -c constant.cc
g++ -MT quadratic.o -MMD -MP -MF .deps/quadratic.d -g -Wall -std=c++17 -c quadratic.cc
g++ linear.o nlg.o fact.o lg.o cubic.o exponential.o fns-compare.o constant.o quadratic.o -o fns-compare
rsaptar2@remote00:~/i240b/work/lab1/exercises/5-auto-dependencies$ ls
constant.cc	exponential.o	fns-compare.hh	linear.o      quadratic.o
constant.o	fact.cc		fns-compare.o	Makefile
cubic.cc	fact.o		lg.cc		nlg.cc
cubic.o		fns-compare	lg.o		nlg.o
exponential.cc	fns-compare.cc	linear.cc	quadratic.cc
rsaptar2@remote00:~/i240b/work/lab1/exercises/5-auto-dependencies$ ls -a
.	     cubic.o	     fact.o	     .gitignore  Makefile
..	     .deps	     fns-compare     lg.cc	 nlg.cc
constant.cc  exponential.cc  fns-compare.cc  lg.o	 nlg.o
constant.o   exponential.o   fns-compare.hh  linear.cc	 quadratic.cc
cubic.cc     fact.cc	     fns-compare.o   linear.o	 quadratic.o
rsaptar2@remote00:~/i240b/work/lab1/exercises/5-auto-dependencies$ cat Makef
cat: Makef: No such file or directory
rsaptar2@remote00:~/i240b/work/lab1/exercises/5-auto-dependencies$ cd .deps/
rsaptar2@remote00:~/i240b/work/lab1/exercises/5-auto-dependencies/.deps$ ls
constant.d  exponential.d  fns-compare.d  linear.d  quadratic.d
cubic.d     fact.d	   lg.d		  nlg.d
rsaptar2@remote00:~/i240b/work/lab1/exercises/5-auto-dependencies/.deps$ cat constant.d 
constant.o: constant.cc fns-compare.hh

fns-compare.hh:
rsaptar2@remote00:~/i240b/work/lab1/exercises/5-auto-dependencies/.deps$ cd ..
rsaptar2@remote00:~/i240b/work/lab1/exercises/5-auto-dependencies$ cat Makefile 
CXX = g++
CXXFLAGS = -g -Wall -std=c++17

#produce a list of all cc files
CXX_FILES = $(wildcard *.cc)

#produce a list of all *.o files by substituting cc in CXX_FILES with o.
OFILES = $(CXX_FILES:cc=o)


TARGET = fns-compare

#default target
all:		$(TARGET)

$(TARGET):	$(OFILES)
		$(CXX) $(OFILES) -o $@


.phony:		clean
clean:
		rm -rf *~ *.o $(TARGET) $(DEPDIR)


#auto-dependences
#<http://make.mad-scientist.net/papers/advanced-auto-dependency-generation/>

#dir in which to generate dependences
DEPDIR = .deps

#have DEPDIR/*.d file for each *.cc file
DEPFILES = $(CXX_FILES:%.cc=$(DEPDIR)/%.d)

#-MT $@ sets target name in dependency file
#-MMD tells compiler to generate prereqs without including system headers
#-MP adds target for each prereq
#-MF $(DEPDIR)/$*.d sets name of output dependency file
DEPFLAGS = -MT $@ -MMD -MP -MF $(DEPDIR)/$*.d

#delete built-in implicit rule for building .o from .cc
%.o: %.cc

#create our own implicit rule for building %.o from %.cc
#| $(DEPDIR) makes DEPDIR an order only prereq
%.o:		%.cc $(DEPDIR)/%.d | $(DEPDIR)
		$(CXX) $(DEPFLAGS) $(CXXFLAGS) -c $<
rsaptar2@remote00:~/i240b/work/lab1/exercises/5-auto-dependencies$ nano Makefile
rsaptar2@remote00:~/i240b/work/lab1/exercises/5-auto-dependencies$ make dist
make: *** No rule to make target 'fns-compare.tar', needed by 'dist'.  Stop.
rsaptar2@remote00:~/i240b/work/lab1/exercises/5-auto-dependencies$ nano Makefile
rsaptar2@remote00:~/i240b/work/lab1/exercises/5-auto-dependencies$ make dist
tar -cf dist Makefile linear.cc nlg.cc fact.cc lg.cc cubic.cc exponential.cc fns-compare.cc constant.cc quadratic.cc fns-compare.hh
rsaptar2@remote00:~/i240b/work/lab1/exercises/5-auto-dependencies$ ls
constant.cc  exponential.cc  fns-compare.cc  linear.cc	quadratic.cc
constant.o   exponential.o   fns-compare.hh  linear.o	quadratic.o
cubic.cc     fact.cc	     fns-compare.o   Makefile
cubic.o      fact.o	     lg.cc	     nlg.cc
dist	     fns-compare     lg.o	     nlg.o
rsaptar2@remote00:~/i240b/work/lab1/exercises/5-auto-dependencies$ rm dist 
rsaptar2@remote00:~/i240b/work/lab1/exercises/5-auto-dependencies$ nano Makefile
rsaptar2@remote00:~/i240b/work/lab1/exercises/5-auto-dependencies$ make dist
tar -cf fns-compare.tar Makefile linear.cc nlg.cc fact.cc lg.cc cubic.cc exponential.cc fns-compare.cc constant.cc quadratic.cc fns-compare.hh
rsaptar2@remote00:~/i240b/work/lab1/exercises/5-auto-dependencies$ ls
constant.cc	exponential.o	fns-compare.hh	 linear.cc  quadratic.cc
constant.o	fact.cc		fns-compare.o	 linear.o   quadratic.o
cubic.cc	fact.o		fns-compare.tar  Makefile
cubic.o		fns-compare	lg.cc		 nlg.cc
exponential.cc	fns-compare.cc	lg.o		 nlg.o
rsaptar2@remote00:~/i240b/work/lab1/exercises/5-auto-dependencies$ mkdir -p ~/tmp/fns-compare
rsaptar2@remote00:~/i240b/work/lab1/exercises/5-auto-dependencies$ cd ~/tmp/fns-compare
rsaptar2@remote00:~/tmp/fns-compare$ tar -xvf ~/i240b/work/lab1/5*/fns-compare.tar
tar: /home/rsaptar2/i240b/work/lab1/5*/fns-compare.tar: Cannot open: No such file or directory
tar: Error is not recoverable: exiting now
rsaptar2@remote00:~/tmp/fns-compare$ tar -xvf ~/i240b/work/lab1/exercises/5-auto-dependencies/fns-compare.tar 
Makefile
linear.cc
nlg.cc
fact.cc
lg.cc
cubic.cc
exponential.cc
fns-compare.cc
constant.cc
quadratic.cc
fns-compare.hh
rsaptar2@remote00:~/tmp/fns-compare$ make
g++ -MT linear.o -MMD -MP -MF .deps/linear.d -g -Wall -std=c++17 -c linear.cc
g++ -MT fact.o -MMD -MP -MF .deps/fact.d -g -Wall -std=c++17 -c fact.cc
g++ -MT nlg.o -MMD -MP -MF .deps/nlg.d -g -Wall -std=c++17 -c nlg.cc
g++ -MT cubic.o -MMD -MP -MF .deps/cubic.d -g -Wall -std=c++17 -c cubic.cc
g++ -MT exponential.o -MMD -MP -MF .deps/exponential.d -g -Wall -std=c++17 -c exponential.cc
g++ -MT fns-compare.o -MMD -MP -MF .deps/fns-compare.d -g -Wall -std=c++17 -c fns-compare.cc
g++ -MT constant.o -MMD -MP -MF .deps/constant.d -g -Wall -std=c++17 -c constant.cc
g++ -MT quadratic.o -MMD -MP -MF .deps/quadratic.d -g -Wall -std=c++17 -c quadratic.cc
g++ -MT lg.o -MMD -MP -MF .deps/lg.d -g -Wall -std=c++17 -c lg.cc
g++ linear.o fact.o nlg.o cubic.o exponential.o fns-compare.o constant.o quadratic.o lg.o -o fns-compare
rsaptar2@remote00:~/tmp/fns-compare$ 

#create DEPDIR if it does not exist
$(DEPDIR):
		@mkdir -p $@

#add a target to include all DEPFILES
$(DEPFILES):
include $(wildcard $(DEPFILES))
rsaptar2@remote00:~/i240b/work/lab1/exercises/5-auto-dependencies$ nano Makefile
rsaptar2@remote00:~/i240b/work/lab1/exercises/5-auto-dependencies$ make dist
make: *** No rule to make target 'fns-compare.tar', needed by 'dist'.  Stop.
rsaptar2@remote00:~/i240b/work/lab1/exercises/5-auto-dependencies$ nano Makefile
rsaptar2@remote00:~/i240b/work/lab1/exercises/5-auto-dependencies$ make dist
tar -cf dist Makefile linear.cc nlg.cc fact.cc lg.cc cubic.cc exponential.cc fns-compare.cc constant.cc quadratic.cc fns-compare.hh
rsaptar2@remote00:~/i240b/work/lab1/exercises/5-auto-dependencies$ ls
constant.cc  exponential.cc  fns-compare.cc  linear.cc	quadratic.cc
constant.o   exponential.o   fns-compare.hh  linear.o	quadratic.o
cubic.cc     fact.cc	     fns-compare.o   Makefile
cubic.o      fact.o	     lg.cc	     nlg.cc
dist	     fns-compare     lg.o	     nlg.o
rsaptar2@remote00:~/i240b/work/lab1/exercises/5-auto-dependencies$ rm dist 
rsaptar2@remote00:~/i240b/work/lab1/exercises/5-auto-dependencies$ nano Makefile
rsaptar2@remote00:~/i240b/work/lab1/exercises/5-auto-dependencies$ make dist
tar -cf fns-compare.tar Makefile linear.cc nlg.cc fact.cc lg.cc cubic.cc exponential.cc fns-compare.cc constant.cc quadratic.cc fns-compare.hh
rsaptar2@remote00:~/i240b/work/lab1/exercises/5-auto-dependencies$ ls
constant.cc	exponential.o	fns-compare.hh	 linear.cc  quadratic.cc
constant.o	fact.cc		fns-compare.o	 linear.o   quadratic.o
cubic.cc	fact.o		fns-compare.tar  Makefile
cubic.o		fns-compare	lg.cc		 nlg.cc
exponential.cc	fns-compare.cc	lg.o		 nlg.o
rsaptar2@remote00:~/i240b/work/lab1/exercises/5-auto-dependencies$ mkdir -p ~/tmp/fns-compare
rsaptar2@remote00:~/i240b/work/lab1/exercises/5-auto-dependencies$ cd ~/tmp/fns-compare
rsaptar2@remote00:~/tmp/fns-compare$ tar -xvf ~/i240b/work/lab1/5*/fns-compare.tar
tar: /home/rsaptar2/i240b/work/lab1/5*/fns-compare.tar: Cannot open: No such file or directory
tar: Error is not recoverable: exiting now
rsaptar2@remote00:~/tmp/fns-compare$ tar -xvf ~/i240b/work/lab1/exercises/5-auto-dependencies/fns-compare.tar 
Makefile
linear.cc
nlg.cc
fact.cc
lg.cc
cubic.cc
exponential.cc
fns-compare.cc
constant.cc
quadratic.cc
fns-compare.hh
rsaptar2@remote00:~/tmp/fns-compare$ make
g++ -MT linear.o -MMD -MP -MF .deps/linear.d -g -Wall -std=c++17 -c linear.cc
g++ -MT fact.o -MMD -MP -MF .deps/fact.d -g -Wall -std=c++17 -c fact.cc
g++ -MT nlg.o -MMD -MP -MF .deps/nlg.d -g -Wall -std=c++17 -c nlg.cc
g++ -MT cubic.o -MMD -MP -MF .deps/cubic.d -g -Wall -std=c++17 -c cubic.cc
g++ -MT exponential.o -MMD -MP -MF .deps/exponential.d -g -Wall -std=c++17 -c exponential.cc
g++ -MT fns-compare.o -MMD -MP -MF .deps/fns-compare.d -g -Wall -std=c++17 -c fns-compare.cc
g++ -MT constant.o -MMD -MP -MF .deps/constant.d -g -Wall -std=c++17 -c constant.cc
g++ -MT quadratic.o -MMD -MP -MF .deps/quadratic.d -g -Wall -std=c++17 -c quadratic.cc
g++ -MT lg.o -MMD -MP -MF .deps/lg.d -g -Wall -std=c++17 -c lg.cc
g++ linear.o fact.o nlg.o cubic.o exponential.o fns-compare.o constant.o quadratic.o lg.o -o fns-compare


